// Jest Snapshot v1, https://goo.gl/fbAQLP

exports[`COMPONENTS - <Taglist> render Taglist 1`] = `<Fragment />`;
