// Jest Snapshot v1, https://goo.gl/fbAQLP

exports[`COMPONENTS - <AppArea> render AppArea 1`] = `
<UserAreaWrapper>
  <Updater />
  <Link
    replace={false}
    to="/"
  >
    <Icon
      color="#fff"
      spin={true}
      type="dashboard"
    />
  </Link>
  <Link
    replace={false}
    to="/about"
  >
    <Icon
      color="#fff"
      spin={true}
      type="info"
    />
  </Link>
  <Loading
    spinner={false}
  />
  <Link
    replace={false}
    to="/settings"
  >
    <Icon
      color="#fff"
      spin={true}
      type="cog"
    />
  </Link>
  <Avatar
    alt="us"
    height="32"
    title="us"
    width="32"
  />
  <Link
    replace={false}
    to="/"
  >
    <Icon
      color="#fff"
      onClick={[Function]}
      type="logout"
    />
  </Link>
</UserAreaWrapper>
`;
