// Jest Snapshot v1, https://goo.gl/fbAQLP

exports[`COMPONENTS - <EditorSettings> render EditorSettings 1`] = `
<EditorSettings>
  <div>
    <h4>
      Editor settings:
    </h4>
    <Wrapper>
      <div
        className="Wrapper-sc-3i0r91-0 jjrWCY"
      >
        <Section>
          <div
            className="Section-sc-3i0r91-2 gqkeLg"
          >
            <Field>
              <div
                className="Field-sc-3i0r91-3 fjKIlx"
              >
                <Label>
                  <div
                    className="Label-sc-3i0r91-1 hpqRMW"
                  >
                    <span>
                      Theme:
                    </span>
                    <StyledISelect
                      onChange={[Function]}
                      value="vs"
                    >
                      <Select
                        className="StyledISelect-sc-3i0r91-5 bnSweD"
                        onChange={[Function]}
                        value="vs"
                      >
                        <SelectInput
                          className="StyledISelect-sc-3i0r91-5 bnSweD"
                          defaultValue="vs"
                          onChange={[Function]}
                        >
                          <select
                            className="StyledISelect-sc-3i0r91-5 bnSweD SelectInput-sc-13maoso-0 gHNoVj"
                            defaultValue="vs"
                            onChange={[Function]}
                          >
                            <option
                              value="vs"
                            >
                              vs light
                            </option>
                            <option
                              value="vs-dark"
                            >
                              vs dark
                            </option>
                            <option
                              value="hc-black"
                            >
                              hc dark
                            </option>
                          </select>
                        </SelectInput>
                      </Select>
                    </StyledISelect>
                  </div>
                </Label>
              </div>
            </Field>
            <Field>
              <div
                className="Field-sc-3i0r91-3 fjKIlx"
              >
                <Label>
                  <div
                    className="Label-sc-3i0r91-1 hpqRMW"
                  >
                    <span>
                      Minimap:
                    </span>
                    <Checkbox
                      checked={false}
                      onChange={[Function]}
                    >
                      <Box
                        defaultChecked={false}
                        onChange={[Function]}
                        type="checkbox"
                      >
                        <input
                          className="Box-sc-1bw5uxh-0 kcvKxi"
                          defaultChecked={false}
                          onChange={[Function]}
                          type="checkbox"
                        />
                      </Box>
                    </Checkbox>
                  </div>
                </Label>
              </div>
            </Field>
            <Field>
              <div
                className="Field-sc-3i0r91-3 fjKIlx"
              >
                <Label>
                  <div
                    className="Label-sc-3i0r91-1 hpqRMW"
                  >
                    <span>
                      Line Numbers:
                    </span>
                    <Checkbox
                      checked={true}
                      onChange={[Function]}
                    >
                      <Box
                        defaultChecked={true}
                        onChange={[Function]}
                        type="checkbox"
                      >
                        <input
                          className="Box-sc-1bw5uxh-0 kcvKxi"
                          defaultChecked={true}
                          onChange={[Function]}
                          type="checkbox"
                        />
                      </Box>
                    </Checkbox>
                  </div>
                </Label>
              </div>
            </Field>
            <Field>
              <div
                className="Field-sc-3i0r91-3 fjKIlx"
              >
                <Label>
                  <div
                    className="Label-sc-3i0r91-1 hpqRMW"
                  >
                    <span>
                      Format On Paste:
                    </span>
                    <Checkbox
                      checked={true}
                      onChange={[Function]}
                    >
                      <Box
                        defaultChecked={true}
                        onChange={[Function]}
                        type="checkbox"
                      >
                        <input
                          className="Box-sc-1bw5uxh-0 kcvKxi"
                          defaultChecked={true}
                          onChange={[Function]}
                          type="checkbox"
                        />
                      </Box>
                    </Checkbox>
                  </div>
                </Label>
              </div>
            </Field>
            <Field>
              <div
                className="Field-sc-3i0r91-3 fjKIlx"
              >
                <Label>
                  <div
                    className="Label-sc-3i0r91-1 hpqRMW"
                  >
                    <span>
                      Font Family:
                    </span>
                    <StyledInput
                      onChange={[Function]}
                      type="text"
                      value="monospace"
                    >
                      <Input
                        className="StyledInput-sc-3i0r91-4 lIHVh"
                        onChange={[Function]}
                        type="text"
                        value="monospace"
                      >
                        <StyledInput
                          className="StyledInput-sc-3i0r91-4 lIHVh"
                          defaultValue="monospace"
                          disabled={false}
                          onChange={[Function]}
                          title=""
                          type="text"
                        >
                          <input
                            className="StyledInput-sc-3i0r91-4 lIHVh StyledInput-sc-86zjwb-0 djdkls"
                            defaultValue="monospace"
                            disabled={false}
                            onChange={[Function]}
                            title=""
                            type="text"
                          />
                        </StyledInput>
                      </Input>
                    </StyledInput>
                  </div>
                </Label>
              </div>
            </Field>
          </div>
        </Section>
        <Section>
          <div
            className="Section-sc-3i0r91-2 gqkeLg"
          >
            <Field>
              <div
                className="Field-sc-3i0r91-3 fjKIlx"
              >
                <Label>
                  <div
                    className="Label-sc-3i0r91-1 hpqRMW"
                  >
                    <span>
                      Font Size:
                    </span>
                    <StyledInput
                      onChange={[Function]}
                      type="number"
                      value={12}
                    >
                      <Input
                        className="StyledInput-sc-3i0r91-4 lIHVh"
                        onChange={[Function]}
                        type="number"
                        value={12}
                      >
                        <StyledInput
                          className="StyledInput-sc-3i0r91-4 lIHVh"
                          defaultValue={12}
                          disabled={false}
                          onChange={[Function]}
                          title=""
                          type="number"
                        >
                          <input
                            className="StyledInput-sc-3i0r91-4 lIHVh StyledInput-sc-86zjwb-0 djdkls"
                            defaultValue={12}
                            disabled={false}
                            onChange={[Function]}
                            title=""
                            type="number"
                          />
                        </StyledInput>
                      </Input>
                    </StyledInput>
                  </div>
                </Label>
              </div>
            </Field>
            <Field>
              <div
                className="Field-sc-3i0r91-3 fjKIlx"
              >
                <Label>
                  <div
                    className="Label-sc-3i0r91-1 hpqRMW"
                  >
                    <span>
                      Line height:
                    </span>
                    <StyledInput
                      onChange={[Function]}
                      type="number"
                      value={21}
                    >
                      <Input
                        className="StyledInput-sc-3i0r91-4 lIHVh"
                        onChange={[Function]}
                        type="number"
                        value={21}
                      >
                        <StyledInput
                          className="StyledInput-sc-3i0r91-4 lIHVh"
                          defaultValue={21}
                          disabled={false}
                          onChange={[Function]}
                          title=""
                          type="number"
                        >
                          <input
                            className="StyledInput-sc-3i0r91-4 lIHVh StyledInput-sc-86zjwb-0 djdkls"
                            defaultValue={21}
                            disabled={false}
                            onChange={[Function]}
                            title=""
                            type="number"
                          />
                        </StyledInput>
                      </Input>
                    </StyledInput>
                  </div>
                </Label>
              </div>
            </Field>
            <Field>
              <div
                className="Field-sc-3i0r91-3 fjKIlx"
              >
                <Label>
                  <div
                    className="Label-sc-3i0r91-1 hpqRMW"
                  >
                    <span>
                      Font Ligatures:
                    </span>
                    <Checkbox
                      checked={false}
                      onChange={[Function]}
                    >
                      <Box
                        defaultChecked={false}
                        onChange={[Function]}
                        type="checkbox"
                      >
                        <input
                          className="Box-sc-1bw5uxh-0 kcvKxi"
                          defaultChecked={false}
                          onChange={[Function]}
                          type="checkbox"
                        />
                      </Box>
                    </Checkbox>
                  </div>
                </Label>
              </div>
            </Field>
            <Field>
              <div
                className="Field-sc-3i0r91-3 fjKIlx"
              >
                <Label>
                  <div
                    className="Label-sc-3i0r91-1 hpqRMW"
                  >
                    <span>
                      Code lens:
                    </span>
                    <Checkbox
                      checked={false}
                      onChange={[Function]}
                    >
                      <Box
                        defaultChecked={false}
                        onChange={[Function]}
                        type="checkbox"
                      >
                        <input
                          className="Box-sc-1bw5uxh-0 kcvKxi"
                          defaultChecked={false}
                          onChange={[Function]}
                          type="checkbox"
                        />
                      </Box>
                    </Checkbox>
                  </div>
                </Label>
              </div>
            </Field>
            <Field>
              <div
                className="Field-sc-3i0r91-3 fjKIlx"
              >
                <Label>
                  <div
                    className="Label-sc-3i0r91-1 hpqRMW"
                  >
                    <span>
                      Cursor Blinking:
                    </span>
                    <StyledISelect
                      onChange={[Function]}
                      value="blink"
                    >
                      <Select
                        className="StyledISelect-sc-3i0r91-5 bnSweD"
                        onChange={[Function]}
                        value="blink"
                      >
                        <SelectInput
                          className="StyledISelect-sc-3i0r91-5 bnSweD"
                          defaultValue="blink"
                          onChange={[Function]}
                        >
                          <select
                            className="StyledISelect-sc-3i0r91-5 bnSweD SelectInput-sc-13maoso-0 gHNoVj"
                            defaultValue="blink"
                            onChange={[Function]}
                          >
                            <option
                              value="blink"
                            >
                              blink
                            </option>
                            <option
                              value="smooth"
                            >
                              smooth
                            </option>
                            <option
                              value="phase"
                            >
                              phase
                            </option>
                            <option
                              value="expand"
                            >
                              expand
                            </option>
                            <option
                              value="solid"
                            >
                              solid
                            </option>
                          </select>
                        </SelectInput>
                      </Select>
                    </StyledISelect>
                  </div>
                </Label>
              </div>
            </Field>
            <Field>
              <div
                className="Field-sc-3i0r91-3 fjKIlx"
              >
                <Label>
                  <div
                    className="Label-sc-3i0r91-1 hpqRMW"
                  >
                    <span>
                      Select On Line Numbers:
                    </span>
                    <Checkbox
                      checked={false}
                      onChange={[Function]}
                    >
                      <Box
                        defaultChecked={false}
                        onChange={[Function]}
                        type="checkbox"
                      >
                        <input
                          className="Box-sc-1bw5uxh-0 kcvKxi"
                          defaultChecked={false}
                          onChange={[Function]}
                          type="checkbox"
                        />
                      </Box>
                    </Checkbox>
                  </div>
                </Label>
              </div>
            </Field>
          </div>
        </Section>
      </div>
    </Wrapper>
  </div>
</EditorSettings>
`;
