// Jest Snapshot v1, https://goo.gl/fbAQLP

exports[`COMPONENTS - <App> render App 1`] = `
<AppWrapper>
  <GlobalStyleComponent />
</AppWrapper>
`;
