// Jest Snapshot v1, https://goo.gl/fbAQLP

exports[`COMPONENTS - <App> render App 1`] = `
<ForwardRef>
  <GlobalStyleComponent
    suppressMultiMountWarning={false}
  />
</ForwardRef>
`;
