// Jest Snapshot v1, https://goo.gl/fbAQLP

exports[`COMPONENTS - <InputColor> render InputColor 1`] = `
<Color
  defaultValue="red"
  onChange={[MockFunction]}
  type="color"
/>
`;
