// Jest Snapshot v1, https://goo.gl/fbAQLP

exports[`COMPONENTS - <Button> render Button 1`] = `
<Button
  className="btn"
  disabled={false}
  height="30px"
  icon="menu"
  invert={true}
  onClick={[MockFunction]}
  theme={
    Object {
      "baseAppColor": "#3F84A8",
      "bg": "#ebf2f6",
      "borderColor": "#ccc",
      "boxShadow": "#555",
      "colorDanger": "tomato",
      "colorSuccess": "cadetblue",
      "colorWarning": "#e0b01e",
      "disabledColor": "#ccc",
      "headerBgLightest": "#cfe0e9",
      "headerColor": "#fff",
      "lightBorderColor": "#f2f2f2",
      "lightText": "#fff",
      "textColor": "#555",
      "theme": Object {
        "baseAppColor": "#3F84A8",
        "bg": "#ebf2f6",
        "borderColor": "#ccc",
        "boxShadow": "#555",
        "colorDanger": "tomato",
        "colorSuccess": "cadetblue",
        "colorWarning": "#e0b01e",
        "disabledColor": "#ccc",
        "headerBgLightest": "#cfe0e9",
        "headerColor": "#fff",
        "lightBorderColor": "#f2f2f2",
        "lightText": "#fff",
        "textColor": "#555",
      },
    }
  }
  width="200px"
>
  <ForwardRef
    className="btn"
    disabled={false}
    height="30px"
    invert={true}
    onClick={[MockFunction]}
    title="link"
    width="200px"
  >
    <StyledComponent
      className="btn"
      disabled={false}
      forwardedClass={
        Object {
          "$$typeof": Symbol(react.forward_ref),
          "attrs": undefined,
          "componentStyle": ComponentStyle {
            "componentId": "ButtonComponent-sc-1hy9a8c-0",
            "isStatic": false,
            "lastClassName": "htLuZh",
            "rules": Array [
              "background:",
              [Function],
              ";border:1px solid ",
              [Function],
              ";color:",
              [Function],
              ";border-radius:3px;font-weight:200;font-size:14px;text-align:center;",
              [Function],
              " ",
              [Function],
              " -webkit-appearance:none;cursor:pointer;&[disabled]{background:",
              [Function],
              ";border:1px solid ",
              [Function],
              ";color:",
              [Function],
              ";cursor:not-allowed;}",
            ],
          },
          "displayName": "ButtonComponent",
          "render": [Function],
          "styledComponentId": "ButtonComponent-sc-1hy9a8c-0",
          "target": "button",
          "warnTooManyClasses": [Function],
          "withComponent": [Function],
        }
      }
      forwardedRef={null}
      height="30px"
      invert={true}
      onClick={[MockFunction]}
      title="link"
      width="200px"
    >
      <button
        className="btn ButtonComponent-sc-1hy9a8c-0 htLuZh"
        disabled={false}
        height="30px"
        onClick={[MockFunction]}
        title="link"
        width="200px"
      >
        <ForwardRef
          color="#3F84A8"
          type="menu"
        >
          <StyledComponent
            color="#3F84A8"
            forwardedClass={
              Object {
                "$$typeof": Symbol(react.forward_ref),
                "attrs": undefined,
                "componentStyle": ComponentStyle {
                  "componentId": "Icon-vk4qna-0",
                  "isStatic": false,
                  "lastClassName": "fvDzQl",
                  "rules": Array [
                    "background-color:",
                    [Function],
                    ";display:inline-block;vertical-align:middle;width:",
                    [Function],
                    "px;height:",
                    [Function],
                    "px;-webkit-mask-image:url('src/icons/",
                    [Function],
                    "');-webkit-mask-repeat:no-repeat;-webkit-mask-size:contain;-webkit-mask-position:center;",
                    [Function],
                    " ",
                    [Function],
                    " ",
                    [Function],
                  ],
                },
                "displayName": "Icon",
                "render": [Function],
                "styledComponentId": "Icon-vk4qna-0",
                "target": "span",
                "warnTooManyClasses": [Function],
                "withComponent": [Function],
              }
            }
            forwardedRef={null}
            type="menu"
          >
            <span
              className="Icon-vk4qna-0 fvDzQl"
              color="#3F84A8"
              type="menu"
            />
          </StyledComponent>
        </ForwardRef>
         
        link
      </button>
    </StyledComponent>
  </ForwardRef>
</Button>
`;
