// Jest Snapshot v1, https://goo.gl/fbAQLP

exports[`COMPONENTS - <NewSnippet> render NewSnippet 1`] = `
<div>
  <Dropzone
    onDragEnter={[Function]}
    onDragLeave={[Function]}
    onDragOver={[Function]}
    onDrop={[Function]}
  >
    Drag file(s) over here to add
  </Dropzone>
  <H1>
    <strong>
      New 
      private
       snippet:
    </strong>
     
  </H1>
  <Section>
    <StyledInput
      onChange={[Function]}
      placeholder="Description (default untitled)"
      type="text"
    />
  </Section>
  <Section>
    <StyledCheckbox
      checked={null}
      onChange={[Function]}
      value={null}
    />
     
    <span>
      Public snippet  
      <ExternalLink
        href="https://help.github.com/articles/about-gists/#types-of-gists"
      >
        <Icon
          color="#3F84A8"
          size="16"
          type="info"
        />
      </ExternalLink>
    </span>
  </Section>
  <ButtonsSection>
    <StyledButton
      disabled={true}
      icon="success"
      onClick={[Function]}
    >
      Save
    </StyledButton>
    <StyledButton
      icon="add"
      invert={true}
      onClick={[Function]}
    >
      Add file
    </StyledButton>
  </ButtonsSection>
</div>
`;
