// Jest Snapshot v1, https://goo.gl/fbAQLP

exports[`COMPONENTS - <BaseSettings> render BaseSettings 1`] = `
<div>
  <h4>
    color settings:
  </h4>
  <div>
    <Label>
      Base color:
      <InputColor
        color={null}
        onChange={[Function]}
      />
    </Label>
  </div>
</div>
`;
