// Jest Snapshot v1, https://goo.gl/fbAQLP

exports[`COMPONENTS - <Loading> render Loading 1`] = `
<ContextConsumer>
  <Component />
</ContextConsumer>
`;
