// Jest Snapshot v1, https://goo.gl/fbAQLP

exports[`COMPONENTS - <MainHeader> render MainHeader 1`] = `
<HeaderWrapper>
  <Logo>
    <Link
      replace={false}
      title="API Rate limit: undefined/undefined"
      to="/"
    >
      { Gisto }
       
    </Link>
  </Logo>
  <MiddleArea>
    <HashRouter>
      <Button
        height="30px"
        icon="add"
        outline={true}
      >
        <StyledLink
          to="/new"
        >
          New snippet
        </StyledLink>
      </Button>
    </HashRouter>
    <div />
  </MiddleArea>
  <Connect(AppArea) />
</HeaderWrapper>
`;
